To get back to my website. I opened git bash
cloned the repo
then 

C:\Users\bernr>cd desktop

C:\Users\bernr\Desktop>cd henrybernreuter.com

C:\Users\bernr\Desktop\henrybernreuter.com>cd henrybernreuter.com

C:\Users\bernr\Desktop\henrybernreuter.com\henrybernreuter.com>bundle exec jekyll serve
Could not find rake-10.5.0 in any of the sources
Run `bundle install` to install missing gems.

C:\Users\bernr\Desktop\henrybernreuter.com\henrybernreuter.com>bundle install
Fetching gem metadata from https://rubygems.org/.........
Fetching rake 10.5.0
Installing rake 10.5.0
Using concurrent-ruby 1.1.4
Using i18n 0.9.5
Using minitest 5.11.3
Using thread_safe 0.3.6
Using tzinfo 1.2.5
Fetching activesupport 5.2.2
Installing activesupport 5.2.2
Using public_suffix 3.0.3
Fetching addressable 2.5.2
Installing addressable 2.5.2
Using bundler 1.17.3
Using colorator 1.1.0
Using eventmachine 1.2.7 (x64-mingw32)
Using http_parser.rb 0.6.0
Using em-websocket 0.5.1
Fetching multipart-post 2.0.0
Installing multipart-post 2.0.0
Using faraday 0.15.4
Using ffi 1.10.0 (x64-mingw32)
Using forwardable-extended 2.6.0
Fetching gemoji 3.0.0
Installing gemoji 3.0.0
Using mini_portile2 2.4.0
Fetching nokogiri 1.10.1 (x64-mingw32)
Installing nokogiri 1.10.1 (x64-mingw32)
Fetching html-pipeline 2.10.0
Installing html-pipeline 2.10.0
Using rb-fsevent 0.10.3
Using rb-inotify 0.10.0
Using sass-listen 4.0.0
Using sass 3.7.3
Using jekyll-sass-converter 1.5.2
Using ruby_dep 1.5.0
Using listen 3.1.5
Using jekyll-watch 2.1.2
Using kramdown 1.17.0
Using liquid 4.0.1
Using mercenary 0.3.6
Using pathutil 0.16.2
Using rouge 3.3.0
Fetching safe_yaml 1.0.4
Installing safe_yaml 1.0.4
Using jekyll 3.8.5
Fetching jekyll-compose 0.9.0
Installing jekyll-compose 0.9.0
Fetching jekyll-data 1.0.0
Installing jekyll-data 1.0.0
Fetching jekyll-feed 0.9.3
Installing jekyll-feed 0.9.3
Fetching sawyer 0.8.1
Installing sawyer 0.8.1
Fetching octokit 4.13.0
Installing octokit 4.13.0
Using jekyll-gist 1.5.0
Using jekyll-paginate 1.1.0
Using jekyll-sitemap 1.2.0
Using jemoji 0.10.2
Using minimal-mistakes-jekyll 4.9.0 from source at `.`
Bundle complete! 4 Gemfile dependencies, 47 gems now installed.
Use `bundle info [gemname]` to see where a bundled gem is installed.
Post-install message from nokogiri:
Nokogiri is built with the packaged libraries: libxml2-2.9.9, libxslt-1.1.33, zlib-1.2.11, libiconv-1.15.
Post-install message from html-pipeline:
-------------------------------------------------
Thank you for installing html-pipeline!
You must bundle Filter gem dependencies.
See html-pipeline README.md for more details.
https://github.com/jch/html-pipeline#dependencies
-------------------------------------------------

C:\Users\bernr\Desktop\henrybernreuter.com\henrybernreuter.com>bundle jekyll exec serve
Could not find command "jekyll".

C:\Users\bernr\Desktop\henrybernreuter.com\henrybernreuter.com>bundle exec jekyll serve
Configuration file: C:/Users/bernr/Desktop/henrybernreuter.com/henrybernreuter.com/_config.yml
            Source: C:/Users/bernr/Desktop/henrybernreuter.com/henrybernreuter.com
       Destination: public
 Incremental build: disabled. Enable with --incremental
      Generating...
                    done in 4.149 seconds.
  Please add the following to your Gemfile to avoid polling for changes:
    gem 'wdm', '>= 0.1.0' if Gem.win_platform?
 Auto-regeneration: enabled for 'C:/Users/bernr/Desktop/henrybernreuter.com/henrybernreuter.com'
    Server address: http://127.0.0.1:4000
  Server running... press ctrl-c to stop.
[2020-05-27 16:53:47] ERROR `/favicon.ico' not found.
Terminate batch job (Y/N)? y
Terminate batch job (Y/N)? y

C:\Users\bernr\Desktop\henrybernreuter.com\henrybernreuter.com>