Microsoft Windows [Version 10.0.18362.836]
(c) 2019 Microsoft Corporation. All rights reserved.

C:\Users\bernr>cd desktop

C:\Users\bernr\Desktop>cd dudemanbroshow

C:\Users\bernr\Desktop\DudeManBroShow>jekyll new
jekyll 3.8.7 | Error:  You must specify a path.

C:\Users\bernr\Desktop\DudeManBroShow>jekyll new dudemanbroshow-site
Running bundle install in C:/Users/bernr/Desktop/DudeManBroShow/dudemanbroshow-site...
  Bundler: Fetching gem metadata from https://rubygems.org/...........
  Bundler: Fetching gem metadata from https://rubygems.org/.
  Bundler: Resolving dependencies...
  Bundler: Using public_suffix 4.0.5
  Bundler: Using addressable 2.7.0
  Bundler: Using bundler 2.0.2
  Bundler: Using colorator 1.1.0
  Bundler: Using concurrent-ruby 1.1.6
  Bundler: Using eventmachine 1.2.7 (x64-mingw32)
  Bundler: Using http_parser.rb 0.6.0
  Bundler: Using em-websocket 0.5.1
  Bundler: Using ffi 1.12.2 (x64-mingw32)
  Bundler: Using forwardable-extended 2.6.0
  Bundler: Using i18n 0.9.5
  Bundler: Using rb-fsevent 0.10.4
  Bundler: Using rb-inotify 0.10.1
  Bundler: Using sass-listen 4.0.0
  Bundler: Using sass 3.7.4
  Bundler: Using jekyll-sass-converter 1.5.2
  Bundler: Using listen 3.2.1
  Bundler: Using jekyll-watch 2.2.1
  Bundler: Using kramdown 1.17.0
  Bundler: Using liquid 4.0.3
  Bundler: Using mercenary 0.3.6
  Bundler: Using pathutil 0.16.2
  Bundler: Using rouge 3.19.0
  Bundler: Using safe_yaml 1.0.5
  Bundler: Using jekyll 3.8.7
  Bundler: Fetching jekyll-feed 0.13.0
  Bundler: Installing jekyll-feed 0.13.0
  Bundler: Fetching jekyll-seo-tag 2.6.1
  Bundler: Installing jekyll-seo-tag 2.6.1
  Bundler: Fetching minima 2.5.1
  Bundler: Installing minima 2.5.1
  Bundler: Using thread_safe 0.3.6
  Bundler: Fetching tzinfo 1.2.7
  Bundler: Installing tzinfo 1.2.7
  Bundler: Fetching tzinfo-data 1.2020.1
  Bundler: Installing tzinfo-data 1.2020.1
  Bundler: Fetching wdm 0.1.1
  Bundler: Installing wdm 0.1.1 with native extensions
  Bundler: Bundle complete! 6 Gemfile dependencies, 32 gems now installed.
  Bundler: Use `bundle info [gemname]` to see where a bundled gem is installed.
New jekyll site installed in C:/Users/bernr/Desktop/DudeManBroShow/dudemanbroshow-site.

C:\Users\bernr\Desktop\DudeManBroShow>cd dudemanbroshow-site

C:\Users\bernr\Desktop\DudeManBroShow\dudemanbroshow-site>git status
On branch master

No commits yet

Untracked files:
  (use "git add <file>..." to include in what will be committed)

        ./

nothing added to commit but untracked files present (use "git add" to track)

C:\Users\bernr\Desktop\DudeManBroShow\dudemanbroshow-site>git init
Initialized empty Git repository in C:/Users/bernr/Desktop/DudeManBroShow/dudemanbroshow-site/.git/

C:\Users\bernr\Desktop\DudeManBroShow\dudemanbroshow-site>git status
On branch master

No commits yet

Untracked files:
  (use "git add <file>..." to include in what will be committed)

        .gitignore
        .vs/
        404.html
        Gemfile
        Gemfile.lock
        _config.yml
        _posts/
        about.md
        index.md

nothing added to commit but untracked files present (use "git add" to track)

C:\Users\bernr\Desktop\DudeManBroShow\dudemanbroshow-site>git add
Nothing specified, nothing added.
Maybe you wanted to say 'git add .'?

C:\Users\bernr\Desktop\DudeManBroShow\dudemanbroshow-site>git add .
warning: LF will be replaced by CRLF in .gitignore.
The file will have its original line endings in your working directory
warning: LF will be replaced by CRLF in 404.html.
The file will have its original line endings in your working directory
warning: LF will be replaced by CRLF in Gemfile.lock.
The file will have its original line endings in your working directory
warning: LF will be replaced by CRLF in _config.yml.
The file will have its original line endings in your working directory
warning: LF will be replaced by CRLF in about.md.
The file will have its original line endings in your working directory
warning: LF will be replaced by CRLF in index.md.
The file will have its original line endings in your working directory

C:\Users\bernr\Desktop\DudeManBroShow\dudemanbroshow-site>git commit -m "Create Website"
[master (root-commit) 03a6bd5] Create Website
 9 files changed, 233 insertions(+)
 create mode 100644 .gitignore
 create mode 100644 .vs/slnx.sqlite
 create mode 100644 404.html
 create mode 100644 Gemfile
 create mode 100644 Gemfile.lock
 create mode 100644 _config.yml
 create mode 100644 _posts/2020-05-20-welcome-to-jekyll.markdown
 create mode 100644 about.md
 create mode 100644 index.md

C:\Users\bernr\Desktop\DudeManBroShow\dudemanbroshow-site>bundle lock --add-platform ruby
Fetching gem metadata from https://rubygems.org/...........
Fetching gem metadata from https://rubygems.org/.
Resolving dependencies...
Writing lockfile to C:/Users/bernr/Desktop/DudeManBroShow/dudemanbroshow-site/Gemfile.lock

C:\Users\bernr\Desktop\DudeManBroShow\dudemanbroshow-site>bundle lock --add-platform x86_64-linux
Fetching gem metadata from https://rubygems.org/...........
Fetching gem metadata from https://rubygems.org/.
Resolving dependencies...
Writing lockfile to C:/Users/bernr/Desktop/DudeManBroShow/dudemanbroshow-site/Gemfile.lock

C:\Users\bernr\Desktop\DudeManBroShow\dudemanbroshow-site>bundle exec jekyll serve
Configuration file: C:/Users/bernr/Desktop/DudeManBroShow/dudemanbroshow-site/_config.yml
            Source: C:/Users/bernr/Desktop/DudeManBroShow/dudemanbroshow-site
       Destination: C:/Users/bernr/Desktop/DudeManBroShow/dudemanbroshow-site/_site
 Incremental build: disabled. Enable with --incremental
      Generating...
       Jekyll Feed: Generating feed for posts
                    done in 2.294 seconds.
 Auto-regeneration: enabled for 'C:/Users/bernr/Desktop/DudeManBroShow/dudemanbroshow-site'
    Server address: http://127.0.0.1:4000/
  Server running... press ctrl-c to stop.
Terminate batch job (Y/N)? y
Terminate batch job (Y/N)? y

C:\Users\bernr\Desktop\DudeManBroShow\dudemanbroshow-site>bundle
Using public_suffix 4.0.5
Using addressable 2.7.0
Using bundler 2.0.2
Using colorator 1.1.0
Using concurrent-ruby 1.1.6
Using eventmachine 1.2.7 (x64-mingw32)
Using http_parser.rb 0.6.0
Using em-websocket 0.5.1
Using ffi 1.12.2 (x64-mingw32)
Using forwardable-extended 2.6.0
Using i18n 0.9.5
Using rb-fsevent 0.10.4
Using rb-inotify 0.10.1
Using sass-listen 4.0.0
Using sass 3.7.4
Using jekyll-sass-converter 1.5.2
Using listen 3.2.1
Using jekyll-watch 2.2.1
Using kramdown 1.17.0
Using liquid 4.0.3
Using mercenary 0.3.6
Using pathutil 0.16.2
Using rouge 3.19.0
Using safe_yaml 1.0.5
Using jekyll 3.8.7
Using jekyll-paginate 1.1.0
Using jekyll-paginate-content 1.1.0
Using json 2.3.0
Bundle complete! 5 Gemfile dependencies, 28 gems now installed.
Use `bundle info [gemname]` to see where a bundled gem is installed.

C:\Users\bernr\Desktop\DudeManBroShow\dudemanbroshow-site>bundle exec jekyll serve
Configuration file: C:/Users/bernr/Desktop/DudeManBroShow/dudemanbroshow-site/_config.yml
            Source: C:/Users/bernr/Desktop/DudeManBroShow/dudemanbroshow-site
       Destination: C:/Users/bernr/Desktop/DudeManBroShow/dudemanbroshow-site/_site
 Incremental build: disabled. Enable with --incremental
      Generating...
   PaginateContent: 1 item could not be split (no separators?)
                    done in 3.135 seconds.
  Please add the following to your Gemfile to avoid polling for changes:
    gem 'wdm', '>= 0.1.0' if Gem.win_platform?
 Auto-regeneration: enabled for 'C:/Users/bernr/Desktop/DudeManBroShow/dudemanbroshow-site'
    Server address: http://127.0.0.1:4000/
  Server running... press ctrl-c to stop.
      Regenerating: 2 file(s) changed at 2020-05-20 15:48:08
                    .vs/slnx.sqlite
                    .vs/slnx.sqlite-journal
   PaginateContent: 1 item could not be split (no separators?)
                    ...done in 1.862301 seconds.

      Regenerating: 1 file(s) changed at 2020-05-20 15:48:10
                    .vs/slnx.sqlite
   PaginateContent: 1 item could not be split (no separators?)
                    ...done in 2.13562 seconds.

      Regenerating: 2 file(s) changed at 2020-05-20 15:48:12
                    .vs/slnx.sqlite
                    .vs/slnx.sqlite-journal
   PaginateContent: 1 item could not be split (no separators?)
                    ...done in 2.110877 seconds.

      Regenerating: 1 file(s) changed at 2020-05-20 15:48:21
                    .vs/slnx.sqlite-journal
   PaginateContent: 1 item could not be split (no separators?)
                    ...done in 1.866237 seconds.

      Regenerating: 2 file(s) changed at 2020-05-20 15:48:23
                    .vs/slnx.sqlite
                    .vs/slnx.sqlite-journal
   PaginateContent: 1 item could not be split (no separators?)
                    ...done in 1.907364 seconds.

      Regenerating: 1 file(s) changed at 2020-05-20 15:49:00
                    .vs/dudemanbroshow-site/v15/.suo
   PaginateContent: 1 item could not be split (no separators?)
                    ...done in 1.628268 seconds.

      Regenerating: 1 file(s) changed at 2020-05-20 15:51:16
                    .vs/dudemanbroshow-site/v15/.suo
   PaginateContent: 1 item could not be split (no separators?)
                    ...done in 1.602364 seconds.

      Regenerating: 1 file(s) changed at 2020-05-20 15:51:18
                    .vs/dudemanbroshow-site/v15/.suo
   PaginateContent: 1 item could not be split (no separators?)
                    ...done in 1.863106 seconds.

      Regenerating: 1 file(s) changed at 2020-05-20 15:51:20
                    .vs/dudemanbroshow-site/v15/.suo
   PaginateContent: 1 item could not be split (no separators?)
                    ...done in 1.774608 seconds.

      Regenerating: 1 file(s) changed at 2020-05-20 15:53:31
                    .vs/dudemanbroshow-site/v15/.suo
   PaginateContent: 1 item could not be split (no separators?)
                    ...done in 1.578074 seconds.

      Regenerating: 1 file(s) changed at 2020-05-20 15:53:33
                    .vs/dudemanbroshow-site/v15/.suo
   PaginateContent: 1 item could not be split (no separators?)
                    ...done in 1.963436 seconds.

      Regenerating: 1 file(s) changed at 2020-05-20 15:57:50
                    .vs/dudemanbroshow-site/v15/.suo
   PaginateContent: 1 item could not be split (no separators?)
                    ...done in 1.713217 seconds.

      Regenerating: 1 file(s) changed at 2020-05-20 15:57:52
                    .vs/dudemanbroshow-site/v15/.suo
   PaginateContent: 1 item could not be split (no separators?)
                    ...done in 1.85595 seconds.

      Regenerating: 1 file(s) changed at 2020-05-20 15:57:54
                    .vs/dudemanbroshow-site/v15/.suo
   PaginateContent: 1 item could not be split (no separators?)
                    ...done in 1.80106 seconds.

      Regenerating: 1 file(s) changed at 2020-05-20 15:58:09
                    .vs/dudemanbroshow-site/v15/.suo
   PaginateContent: 1 item could not be split (no separators?)
                    ...done in 1.589429 seconds.

      Regenerating: 1 file(s) changed at 2020-05-20 16:01:33
                    .vs/slnx.sqlite
   PaginateContent: 1 item could not be split (no separators?)
                    ...done in 1.871858 seconds.

      Regenerating: 1 file(s) changed at 2020-05-20 16:03:06
                    .vs/slnx.sqlite
   PaginateContent: 1 item could not be split (no separators?)
                    ...done in 1.845654 seconds.

      Regenerating: 1 file(s) changed at 2020-05-20 16:04:07
                    .vs/dudemanbroshow-site/v15/.suo
   PaginateContent: 1 item could not be split (no separators?)
                    ...done in 1.755693 seconds.

      Regenerating: 1 file(s) changed at 2020-05-20 16:04:13
                    .vs/dudemanbroshow-site/v15/.suo
   PaginateContent: 1 item could not be split (no separators?)
                    ...done in 1.699055 seconds.

      Regenerating: 1 file(s) changed at 2020-05-20 16:04:15
                    .vs/dudemanbroshow-site/v15/.suo
   PaginateContent: 1 item could not be split (no separators?)
                    ...done in 1.997284 seconds.

      Regenerating: 1 file(s) changed at 2020-05-20 16:04:17
                    .vs/dudemanbroshow-site/v15/.suo
   PaginateContent: 1 item could not be split (no separators?)
                    ...done in 1.884622 seconds.

      Regenerating: 1 file(s) changed at 2020-05-20 16:04:27
                    .vs/dudemanbroshow-site/v15/.suo
   PaginateContent: 1 item could not be split (no separators?)
                    ...done in 1.746572 seconds.

      Regenerating: 1 file(s) changed at 2020-05-20 16:05:56
                    .vs/dudemanbroshow-site/v15/.suo
   PaginateContent: 1 item could not be split (no separators?)
                    ...done in 1.769824 seconds.

      Regenerating: 1 file(s) changed at 2020-05-20 16:05:58
                    .vs/dudemanbroshow-site/v15/.suo
   PaginateContent: 1 item could not be split (no separators?)
                    ...done in 1.900361 seconds.

      Regenerating: 1 file(s) changed at 2020-05-20 16:08:23
                    .vs/dudemanbroshow-site/v15/.suo
   PaginateContent: 1 item could not be split (no separators?)
                    ...done in 1.56989 seconds.

      Regenerating: 1 file(s) changed at 2020-05-20 16:09:32
                    .vs/dudemanbroshow-site/v15/.suo
   PaginateContent: 1 item could not be split (no separators?)
                    ...done in 1.558587 seconds.

      Regenerating: 1 file(s) changed at 2020-05-20 16:10:05
                    jekflix.gemspec
   PaginateContent: 1 item could not be split (no separators?)
                    ...done in 1.745012 seconds.

      Regenerating: 1 file(s) changed at 2020-05-20 16:10:07
                    .vs/slnx.sqlite
   PaginateContent: 1 item could not be split (no separators?)
                    ...done in 1.903143 seconds.

Terminate batch job (Y/N)? y
Terminate batch job (Y/N)? y

C:\Users\bernr\Desktop\DudeManBroShow\dudemanbroshow-site>bundle exec jekyll serve
Configuration file: C:/Users/bernr/Desktop/DudeManBroShow/dudemanbroshow-site/_config.yml
            Source: C:/Users/bernr/Desktop/DudeManBroShow/dudemanbroshow-site
       Destination: C:/Users/bernr/Desktop/DudeManBroShow/dudemanbroshow-site/_site
 Incremental build: disabled. Enable with --incremental
      Generating...
   PaginateContent: 1 item could not be split (no separators?)
                    done in 2.044 seconds.
  Please add the following to your Gemfile to avoid polling for changes:
    gem 'wdm', '>= 0.1.0' if Gem.win_platform?
 Auto-regeneration: enabled for 'C:/Users/bernr/Desktop/DudeManBroShow/dudemanbroshow-site'
    Server address: http://127.0.0.1:4000/
  Server running... press ctrl-c to stop.
